
=== 0. Check that MinIO is reachable ===

=== 1. Terraform apply ===
Initializing the backend...

Initializing modules...

Initializing provider plugins...
- Reusing previous version of hashicorp/local from the dependency lock file
- Reusing previous version of larstobi/multipass from the dependency lock file
- Using previously-installed larstobi/multipass v1.4.3
- Using previously-installed hashicorp/local v2.9.1

Terraform has been successfully initialized!

You may now begin working with Terraform. Try running "terraform plan" to see
any changes that are required for your infrastructure. All Terraform commands
should now work.

If you ever set or change modules or backend configuration for Terraform,
rerun this command to reinitialize your working directory. If you forget, other
commands will detect it and remind you to do so if necessary.

Terraform used the selected providers to generate the following execution
plan. Resource actions are indicated with the following symbols:
  + create
 <= read (data resources)

Terraform will perform the following actions:

  # module.servers["api"].data.multipass_instance.this will be read during apply
  # (depends on a resource or a module with changes pending)
 <= data "multipass_instance" "this" {
      + image      = (known after apply)
      + image_hash = (known after apply)
      + ipv4       = (known after apply)
      + name       = "kijanikiosk-api"
      + state      = (known after apply)
    }

  # module.servers["api"].local_file.cloud_init will be created
  + resource "local_file" "cloud_init" {
      + content              = <<-EOT
            #cloud-config
            ssh_authorized_keys:
              - ssh-ed25519 AAAAC3NzaC1lZDI1NTE5AAAAIJnmnAsbSIKlLpWpQXhILxr1dY1kqcMG95CeBdV0/ITk chepkemoitoo3@gmail.com
        EOT
      + content_base64sha256 = (known after apply)
      + content_base64sha512 = (known after apply)
      + content_md5          = (known after apply)
      + content_sha1         = (known after apply)
      + content_sha256       = (known after apply)
      + content_sha512       = (known after apply)
      + directory_permission = "0755"
      + file_permission      = "0644"
      + filename             = "./.generated/cloud-init-kijanikiosk-api.yaml"
      + id                   = (known after apply)
    }

  # module.servers["api"].multipass_instance.this will be created
  + resource "multipass_instance" "this" {
      + cloudinit_file = "./.generated/cloud-init-kijanikiosk-api.yaml"
      + cpus           = 1
      + disk           = "8GiB"
      + image          = "22.04"
      + ipv4           = (known after apply)
      + memory         = "1GiB"
      + name           = "kijanikiosk-api"
    }

  # module.servers["logs"].data.multipass_instance.this will be read during apply
  # (depends on a resource or a module with changes pending)
 <= data "multipass_instance" "this" {
      + image      = (known after apply)
      + image_hash = (known after apply)
      + ipv4       = (known after apply)
      + name       = "kijanikiosk-logs"
      + state      = (known after apply)
    }

  # module.servers["logs"].local_file.cloud_init will be created
  + resource "local_file" "cloud_init" {
      + content              = <<-EOT
            #cloud-config
            ssh_authorized_keys:
              - ssh-ed25519 AAAAC3NzaC1lZDI1NTE5AAAAIJnmnAsbSIKlLpWpQXhILxr1dY1kqcMG95CeBdV0/ITk chepkemoitoo3@gmail.com
        EOT
      + content_base64sha256 = (known after apply)
      + content_base64sha512 = (known after apply)
      + content_md5          = (known after apply)
      + content_sha1         = (known after apply)
      + content_sha256       = (known after apply)
      + content_sha512       = (known after apply)
      + directory_permission = "0755"
      + file_permission      = "0644"
      + filename             = "./.generated/cloud-init-kijanikiosk-logs.yaml"
      + id                   = (known after apply)
    }

  # module.servers["logs"].multipass_instance.this will be created
  + resource "multipass_instance" "this" {
      + cloudinit_file = "./.generated/cloud-init-kijanikiosk-logs.yaml"
      + cpus           = 1
      + disk           = "8GiB"
      + image          = "22.04"
      + ipv4           = (known after apply)
      + memory         = "1GiB"
      + name           = "kijanikiosk-logs"
    }

  # module.servers["payments"].data.multipass_instance.this will be read during apply
  # (depends on a resource or a module with changes pending)
 <= data "multipass_instance" "this" {
      + image      = (known after apply)
      + image_hash = (known after apply)
      + ipv4       = (known after apply)
      + name       = "kijanikiosk-payments"
      + state      = (known after apply)
    }

  # module.servers["payments"].local_file.cloud_init will be created
  + resource "local_file" "cloud_init" {
      + content              = <<-EOT
            #cloud-config
            ssh_authorized_keys:
              - ssh-ed25519 AAAAC3NzaC1lZDI1NTE5AAAAIJnmnAsbSIKlLpWpQXhILxr1dY1kqcMG95CeBdV0/ITk chepkemoitoo3@gmail.com
        EOT
      + content_base64sha256 = (known after apply)
      + content_base64sha512 = (known after apply)
      + content_md5          = (known after apply)
      + content_sha1         = (known after apply)
      + content_sha256       = (known after apply)
      + content_sha512       = (known after apply)
      + directory_permission = "0755"
      + file_permission      = "0644"
      + filename             = "./.generated/cloud-init-kijanikiosk-payments.yaml"
      + id                   = (known after apply)
    }

  # module.servers["payments"].multipass_instance.this will be created
  + resource "multipass_instance" "this" {
      + cloudinit_file = "./.generated/cloud-init-kijanikiosk-payments.yaml"
      + cpus           = 1
      + disk           = "8GiB"
      + image          = "22.04"
      + ipv4           = (known after apply)
      + memory         = "1GiB"
      + name           = "kijanikiosk-payments"
    }

Plan: 6 to add, 0 to change, 0 to destroy.

Changes to Outputs:
  + server_ips   = {
      + api      = (known after apply)
      + logs     = (known after apply)
      + payments = (known after apply)
    }
  + ssh_commands = {
      + api      = (known after apply)
      + logs     = (known after apply)
      + payments = (known after apply)
    }
module.servers["logs"].local_file.cloud_init: Creating...
module.servers["payments"].local_file.cloud_init: Creating...
module.servers["api"].local_file.cloud_init: Creating...
module.servers["payments"].local_file.cloud_init: Creation complete after 0s [id=f0950df8c9904fc634d8cafb2ca1153600d77e1a]
module.servers["logs"].local_file.cloud_init: Creation complete after 0s [id=f0950df8c9904fc634d8cafb2ca1153600d77e1a]
module.servers["api"].local_file.cloud_init: Creation complete after 0s [id=f0950df8c9904fc634d8cafb2ca1153600d77e1a]
module.servers["logs"].multipass_instance.this: Creating...
module.servers["api"].multipass_instance.this: Creating...
module.servers["payments"].multipass_instance.this: Creating...
module.servers["api"].multipass_instance.this: Still creating... [00m10s elapsed]
module.servers["payments"].multipass_instance.this: Still creating... [00m10s elapsed]
module.servers["logs"].multipass_instance.this: Still creating... [00m10s elapsed]
module.servers["api"].multipass_instance.this: Still creating... [00m20s elapsed]
module.servers["payments"].multipass_instance.this: Still creating... [00m20s elapsed]
module.servers["logs"].multipass_instance.this: Still creating... [00m20s elapsed]
module.servers["api"].multipass_instance.this: Still creating... [00m30s elapsed]
module.servers["logs"].multipass_instance.this: Still creating... [00m30s elapsed]
module.servers["payments"].multipass_instance.this: Still creating... [00m30s elapsed]
module.servers["api"].multipass_instance.this: Still creating... [00m40s elapsed]
module.servers["payments"].multipass_instance.this: Still creating... [00m40s elapsed]
module.servers["logs"].multipass_instance.this: Still creating... [00m40s elapsed]
module.servers["api"].multipass_instance.this: Still creating... [00m50s elapsed]
module.servers["logs"].multipass_instance.this: Still creating... [00m50s elapsed]
module.servers["payments"].multipass_instance.this: Still creating... [00m50s elapsed]
module.servers["logs"].multipass_instance.this: Still creating... [01m00s elapsed]
module.servers["payments"].multipass_instance.this: Still creating... [01m00s elapsed]
module.servers["api"].multipass_instance.this: Still creating... [01m00s elapsed]
module.servers["api"].multipass_instance.this: Still creating... [01m10s elapsed]
module.servers["payments"].multipass_instance.this: Still creating... [01m10s elapsed]
module.servers["logs"].multipass_instance.this: Still creating... [01m10s elapsed]
module.servers["logs"].multipass_instance.this: Still creating... [01m20s elapsed]
module.servers["payments"].multipass_instance.this: Still creating... [01m20s elapsed]
module.servers["api"].multipass_instance.this: Still creating... [01m20s elapsed]
module.servers["api"].multipass_instance.this: Still creating... [01m30s elapsed]
module.servers["payments"].multipass_instance.this: Still creating... [01m30s elapsed]
module.servers["logs"].multipass_instance.this: Still creating... [01m30s elapsed]
module.servers["api"].multipass_instance.this: Still creating... [01m40s elapsed]
module.servers["payments"].multipass_instance.this: Still creating... [01m40s elapsed]
module.servers["logs"].multipass_instance.this: Still creating... [01m40s elapsed]
module.servers["payments"].multipass_instance.this: Still creating... [01m50s elapsed]
module.servers["api"].multipass_instance.this: Still creating... [01m50s elapsed]
module.servers["logs"].multipass_instance.this: Still creating... [01m50s elapsed]
module.servers["logs"].multipass_instance.this: Still creating... [02m00s elapsed]
module.servers["api"].multipass_instance.this: Still creating... [02m00s elapsed]
module.servers["payments"].multipass_instance.this: Still creating... [02m00s elapsed]
module.servers["logs"].multipass_instance.this: Still creating... [02m10s elapsed]
module.servers["api"].multipass_instance.this: Still creating... [02m10s elapsed]
module.servers["payments"].multipass_instance.this: Still creating... [02m10s elapsed]
module.servers["logs"].multipass_instance.this: Still creating... [02m20s elapsed]
module.servers["api"].multipass_instance.this: Still creating... [02m20s elapsed]
module.servers["payments"].multipass_instance.this: Still creating... [02m20s elapsed]
module.servers["logs"].multipass_instance.this: Still creating... [02m30s elapsed]
module.servers["api"].multipass_instance.this: Still creating... [02m30s elapsed]
module.servers["payments"].multipass_instance.this: Still creating... [02m30s elapsed]
module.servers["logs"].multipass_instance.this: Creation complete after 2m32s [name=kijanikiosk-logs]
module.servers["api"].multipass_instance.this: Still creating... [02m40s elapsed]
module.servers["payments"].multipass_instance.this: Still creating... [02m40s elapsed]
module.servers["api"].multipass_instance.this: Still creating... [02m50s elapsed]
module.servers["payments"].multipass_instance.this: Still creating... [02m50s elapsed]
module.servers["api"].multipass_instance.this: Still creating... [03m00s elapsed]
module.servers["payments"].multipass_instance.this: Still creating... [03m00s elapsed]
module.servers["api"].multipass_instance.this: Creation complete after 3m5s [name=kijanikiosk-api]
module.servers["payments"].multipass_instance.this: Still creating... [03m10s elapsed]
module.servers["payments"].multipass_instance.this: Still creating... [03m20s elapsed]
module.servers["payments"].multipass_instance.this: Creation complete after 3m26s [name=kijanikiosk-payments]
module.servers["payments"].data.multipass_instance.this: Reading...
module.servers["logs"].data.multipass_instance.this: Reading...
module.servers["api"].data.multipass_instance.this: Reading...
module.servers["api"].data.multipass_instance.this: Read complete after 0s [name=kijanikiosk-api]
module.servers["payments"].data.multipass_instance.this: Read complete after 0s [name=kijanikiosk-payments]
module.servers["logs"].data.multipass_instance.this: Read complete after 1s [name=kijanikiosk-logs]

Apply complete! Resources: 6 added, 0 changed, 0 destroyed.

Outputs:

server_ips = {
  "api" = "10.212.109.215"
  "logs" = "10.212.109.46"
  "payments" = "10.212.109.159"
}
ssh_commands = {
  "api" = "ssh -i ~/.ssh/id_ed25519 ubuntu@10.212.109.215"
  "logs" = "ssh -i ~/.ssh/id_ed25519 ubuntu@10.212.109.46"
  "payments" = "ssh -i ~/.ssh/id_ed25519 ubuntu@10.212.109.159"
}

=== 2. Write the Ansible inventory from Terraform output ===
[kijanikiosk]
api ansible_host=10.212.109.215
logs ansible_host=10.212.109.46
payments ansible_host=10.212.109.159

=== 3. Ansible ===
logs | SUCCESS => {
    "ansible_facts": {
        "discovered_interpreter_python": "/usr/bin/python3.10"
    },
    "changed": false,
    "ping": "pong"
}
api | SUCCESS => {
    "ansible_facts": {
        "discovered_interpreter_python": "/usr/bin/python3.10"
    },
    "changed": false,
    "ping": "pong"
}
payments | SUCCESS => {
    "ansible_facts": {
        "discovered_interpreter_python": "/usr/bin/python3.10"
    },
    "changed": false,
    "ping": "pong"
}

PLAY [Configure KijaniKiosk servers] *******************************************

TASK [Gathering Facts] *********************************************************
ok: [payments]
ok: [api]
ok: [logs]

TASK [Install base packages] ***************************************************
changed: [payments]
changed: [logs]
changed: [api]

TASK [Hold pinned packages] ****************************************************
changed: [logs] => (item=curl)
changed: [api] => (item=curl)
changed: [payments] => (item=curl)

TASK [Create the shared group] *************************************************
changed: [logs]
changed: [payments]
changed: [api]

TASK [Create service users] ****************************************************
changed: [payments] => (item=kk-api)
changed: [logs] => (item=kk-api)
changed: [api] => (item=kk-api)
changed: [payments] => (item=kk-payments)
changed: [api] => (item=kk-payments)
changed: [logs] => (item=kk-payments)
changed: [payments] => (item=kk-logs)
changed: [api] => (item=kk-logs)
changed: [logs] => (item=kk-logs)

TASK [Create the config directory] *********************************************
changed: [api]
changed: [payments]
changed: [logs]

TASK [Create the shared logs directory] ****************************************
changed: [api]
changed: [logs]
changed: [payments]

TASK [Set access ACLs on the logs directory] ***********************************
[WARNING]: Deprecation warnings can be disabled by setting `deprecation_warnings=False` in ansible.cfg.
[DEPRECATION WARNING]: Importing 'to_native' from 'ansible.module_utils._text' is deprecated. This feature will be removed from ansible-core version 2.24. Use ansible.module_utils.common.text.converters instead.
changed: [logs] => (item={'user': 'kk-api', 'perms': 'rwx'})
changed: [payments] => (item={'user': 'kk-api', 'perms': 'rwx'})
changed: [api] => (item={'user': 'kk-api', 'perms': 'rwx'})
changed: [logs] => (item={'user': 'kk-payments', 'perms': 'rwx'})
changed: [payments] => (item={'user': 'kk-payments', 'perms': 'rwx'})
changed: [api] => (item={'user': 'kk-payments', 'perms': 'rwx'})
changed: [logs] => (item={'user': 'kk-logs', 'perms': 'rx'})
changed: [payments] => (item={'user': 'kk-logs', 'perms': 'rx'})
changed: [api] => (item={'user': 'kk-logs', 'perms': 'rx'})

TASK [Set default ACLs on the logs directory] **********************************
changed: [payments] => (item={'user': 'kk-api', 'perms': 'rwx'})
changed: [logs] => (item={'user': 'kk-api', 'perms': 'rwx'})
changed: [api] => (item={'user': 'kk-api', 'perms': 'rwx'})
changed: [payments] => (item={'user': 'kk-payments', 'perms': 'rwx'})
changed: [api] => (item={'user': 'kk-payments', 'perms': 'rwx'})
changed: [logs] => (item={'user': 'kk-payments', 'perms': 'rwx'})

TASK [Write the service environment file] **************************************
skipping: [api]
skipping: [logs]
changed: [payments]

TASK [Write the service unit file] *********************************************
changed: [logs]
changed: [payments]
changed: [api]

TASK [Apply pending systemd changes before starting] ***************************

TASK [Apply pending systemd changes before starting] ***************************

TASK [Apply pending systemd changes before starting] ***************************

RUNNING HANDLER [Reload systemd] ***********************************************
ok: [api]
ok: [logs]
ok: [payments]

RUNNING HANDLER [Restart service] **********************************************
changed: [logs]
changed: [payments]
changed: [api]

TASK [Enable and start the service] ********************************************
ok: [payments]
ok: [logs]
ok: [api]

TASK [Allow SSH] ***************************************************************
changed: [payments]
changed: [logs]
changed: [api]

TASK [Allow application ports] *************************************************
skipping: [logs]
changed: [api] => (item={'port': 3000, 'comment': 'KijaniKiosk Core API traffic'})
changed: [payments] => (item={'port': 3001, 'comment': 'KijaniKiosk payments transactional endpoint'})

TASK [Deny incoming traffic by default] ****************************************
ok: [api]
ok: [payments]
ok: [logs]

TASK [Allow outgoing traffic by default] ***************************************
ok: [payments]
ok: [logs]
ok: [api]

TASK [Enable the firewall] *****************************************************
changed: [logs]
changed: [api]
changed: [payments]

TASK [Create the persistent journal directory] *********************************
ok: [api]
ok: [logs]
ok: [payments]

TASK [Create the journald drop-in directory] ***********************************
changed: [payments]
changed: [api]
changed: [logs]

TASK [Write the journald settings] *********************************************
changed: [api]
changed: [payments]
changed: [logs]

TASK [Write the logrotate policy] **********************************************
changed: [logs]
changed: [payments]
changed: [api]

RUNNING HANDLER [Restart journald] *********************************************
changed: [api]
changed: [payments]
changed: [logs]

PLAY RECAP *********************************************************************
api                        : ok=23   changed=17   unreachable=0    failed=0    skipped=1    rescued=0    ignored=0   
logs                       : ok=22   changed=16   unreachable=0    failed=0    skipped=2    rescued=0    ignored=0   
payments                   : ok=24   changed=18   unreachable=0    failed=0    skipped=0    rescued=0    ignored=0   


=== 4. Terraform plan, expecting zero changes ===
module.servers["payments"].local_file.cloud_init: Refreshing state... [id=f0950df8c9904fc634d8cafb2ca1153600d77e1a]
module.servers["logs"].local_file.cloud_init: Refreshing state... [id=f0950df8c9904fc634d8cafb2ca1153600d77e1a]
module.servers["api"].local_file.cloud_init: Refreshing state... [id=f0950df8c9904fc634d8cafb2ca1153600d77e1a]
module.servers["logs"].multipass_instance.this: Refreshing state... [name=kijanikiosk-logs]
module.servers["api"].multipass_instance.this: Refreshing state... [name=kijanikiosk-api]
module.servers["payments"].multipass_instance.this: Refreshing state... [name=kijanikiosk-payments]
module.servers["logs"].data.multipass_instance.this: Reading...
module.servers["payments"].data.multipass_instance.this: Reading...
module.servers["api"].data.multipass_instance.this: Reading...
module.servers["payments"].data.multipass_instance.this: Read complete after 1s [name=kijanikiosk-payments]
module.servers["api"].data.multipass_instance.this: Read complete after 1s [name=kijanikiosk-api]
module.servers["logs"].data.multipass_instance.this: Read complete after 1s [name=kijanikiosk-logs]

No changes. Your infrastructure matches the configuration.

Terraform has compared your real infrastructure against your configuration
and found no differences, so no changes are needed.

PIPELINE OK
