
=== 0. Check that MinIO is reachable ===

=== 1. Terraform apply ===
Initializing the backend...

Initializing modules...

Initializing provider plugins...
- Reusing previous version of larstobi/multipass from the dependency lock file
- Reusing previous version of hashicorp/local from the dependency lock file
- Using previously-installed larstobi/multipass v1.4.3
- Using previously-installed hashicorp/local v2.9.1

Terraform has been successfully initialized!

You may now begin working with Terraform. Try running "terraform plan" to see
any changes that are required for your infrastructure. All Terraform commands
should now work.

If you ever set or change modules or backend configuration for Terraform,
rerun this command to reinitialize your working directory. If you forget, other
commands will detect it and remind you to do so if necessary.
module.servers["logs"].local_file.cloud_init: Refreshing state... [id=f0950df8c9904fc634d8cafb2ca1153600d77e1a]
module.servers["payments"].local_file.cloud_init: Refreshing state... [id=f0950df8c9904fc634d8cafb2ca1153600d77e1a]
module.servers["api"].local_file.cloud_init: Refreshing state... [id=f0950df8c9904fc634d8cafb2ca1153600d77e1a]
module.servers["api"].multipass_instance.this: Refreshing state... [name=kijanikiosk-api]
module.servers["logs"].multipass_instance.this: Refreshing state... [name=kijanikiosk-logs]
module.servers["payments"].multipass_instance.this: Refreshing state... [name=kijanikiosk-payments]
module.servers["api"].data.multipass_instance.this: Reading...
module.servers["payments"].data.multipass_instance.this: Reading...
module.servers["logs"].data.multipass_instance.this: Reading...
module.servers["api"].data.multipass_instance.this: Read complete after 1s [name=kijanikiosk-api]
module.servers["logs"].data.multipass_instance.this: Read complete after 1s [name=kijanikiosk-logs]
module.servers["payments"].data.multipass_instance.this: Read complete after 1s [name=kijanikiosk-payments]

No changes. Your infrastructure matches the configuration.

Terraform has compared your real infrastructure against your configuration
and found no differences, so no changes are needed.

Apply complete! Resources: 0 added, 0 changed, 0 destroyed.

Outputs:

server_ips = {
  "api" = "10.212.109.215"
  "logs" = "10.212.109.46"
  "payments" = "10.212.109.159"
}
ssh_commands = {
  "api" = "ssh -i ~/.ssh/id_ed25519 ubuntu@10.212.109.215"
  "logs" = "ssh -i ~/.ssh/id_ed25519 ubuntu@10.212.109.46"
  "payments" = "ssh -i ~/.ssh/id_ed25519 ubuntu@10.212.109.159"
}

=== 2. Write the Ansible inventory from Terraform output ===
[kijanikiosk]
api ansible_host=10.212.109.215
logs ansible_host=10.212.109.46
payments ansible_host=10.212.109.159

=== 3. Ansible ===
payments | SUCCESS => {
    "ansible_facts": {
        "discovered_interpreter_python": "/usr/bin/python3.10"
    },
    "changed": false,
    "ping": "pong"
}
logs | SUCCESS => {
    "ansible_facts": {
        "discovered_interpreter_python": "/usr/bin/python3.10"
    },
    "changed": false,
    "ping": "pong"
}
api | SUCCESS => {
    "ansible_facts": {
        "discovered_interpreter_python": "/usr/bin/python3.10"
    },
    "changed": false,
    "ping": "pong"
}

PLAY [Configure KijaniKiosk servers] *******************************************

TASK [Gathering Facts] *********************************************************
ok: [payments]
ok: [logs]
ok: [api]

TASK [Install base packages] ***************************************************
ok: [payments]
ok: [logs]
ok: [api]

TASK [Hold pinned packages] ****************************************************
ok: [api] => (item=curl)
ok: [payments] => (item=curl)
ok: [logs] => (item=curl)

TASK [Create the shared group] *************************************************
ok: [api]
ok: [payments]
ok: [logs]

TASK [Create service users] ****************************************************
ok: [payments] => (item=kk-api)
ok: [logs] => (item=kk-api)
ok: [api] => (item=kk-api)
ok: [payments] => (item=kk-payments)
ok: [api] => (item=kk-payments)
ok: [logs] => (item=kk-payments)
ok: [api] => (item=kk-logs)
ok: [payments] => (item=kk-logs)
ok: [logs] => (item=kk-logs)

TASK [Create the config directory] *********************************************
ok: [logs]
ok: [payments]
ok: [api]

TASK [Create the shared logs directory] ****************************************
ok: [payments]
ok: [logs]
ok: [api]

TASK [Set access ACLs on the logs directory] ***********************************
[WARNING]: Deprecation warnings can be disabled by setting `deprecation_warnings=False` in ansible.cfg.
[DEPRECATION WARNING]: Importing 'to_native' from 'ansible.module_utils._text' is deprecated. This feature will be removed from ansible-core version 2.24. Use ansible.module_utils.common.text.converters instead.
ok: [logs] => (item={'user': 'kk-api', 'perms': 'rwx'})
ok: [api] => (item={'user': 'kk-api', 'perms': 'rwx'})
ok: [payments] => (item={'user': 'kk-api', 'perms': 'rwx'})
ok: [logs] => (item={'user': 'kk-payments', 'perms': 'rwx'})
ok: [payments] => (item={'user': 'kk-payments', 'perms': 'rwx'})
ok: [api] => (item={'user': 'kk-payments', 'perms': 'rwx'})
ok: [payments] => (item={'user': 'kk-logs', 'perms': 'rx'})
ok: [logs] => (item={'user': 'kk-logs', 'perms': 'rx'})
ok: [api] => (item={'user': 'kk-logs', 'perms': 'rx'})

TASK [Set default ACLs on the logs directory] **********************************
ok: [logs] => (item={'user': 'kk-api', 'perms': 'rwx'})
ok: [payments] => (item={'user': 'kk-api', 'perms': 'rwx'})
ok: [api] => (item={'user': 'kk-api', 'perms': 'rwx'})
ok: [payments] => (item={'user': 'kk-payments', 'perms': 'rwx'})
ok: [logs] => (item={'user': 'kk-payments', 'perms': 'rwx'})
ok: [api] => (item={'user': 'kk-payments', 'perms': 'rwx'})

TASK [Write the service environment file] **************************************
skipping: [api]
skipping: [logs]
ok: [payments]

TASK [Write the service unit file] *********************************************
ok: [api]
ok: [logs]
ok: [payments]

TASK [Apply pending systemd changes before starting] ***************************

TASK [Apply pending systemd changes before starting] ***************************

TASK [Apply pending systemd changes before starting] ***************************

TASK [Enable and start the service] ********************************************
ok: [payments]
ok: [logs]
ok: [api]

TASK [Allow SSH] ***************************************************************
ok: [logs]
ok: [payments]
ok: [api]

TASK [Allow application ports] *************************************************
skipping: [logs]
ok: [payments] => (item={'port': 3001, 'comment': 'KijaniKiosk payments transactional endpoint'})
ok: [api] => (item={'port': 3000, 'comment': 'KijaniKiosk Core API traffic'})

TASK [Deny incoming traffic by default] ****************************************
ok: [api]
ok: [logs]
ok: [payments]

TASK [Allow outgoing traffic by default] ***************************************
ok: [logs]
ok: [api]
ok: [payments]

TASK [Enable the firewall] *****************************************************
ok: [logs]
ok: [payments]
ok: [api]

TASK [Create the persistent journal directory] *********************************
ok: [api]
ok: [logs]
ok: [payments]

TASK [Create the journald drop-in directory] ***********************************
ok: [api]
ok: [logs]
ok: [payments]

TASK [Write the journald settings] *********************************************
ok: [logs]
ok: [payments]
ok: [api]

TASK [Write the logrotate policy] **********************************************
ok: [logs]
ok: [api]
ok: [payments]

PLAY RECAP *********************************************************************
api                        : ok=20   changed=0    unreachable=0    failed=0    skipped=1    rescued=0    ignored=0   
logs                       : ok=19   changed=0    unreachable=0    failed=0    skipped=2    rescued=0    ignored=0   
payments                   : ok=21   changed=0    unreachable=0    failed=0    skipped=0    rescued=0    ignored=0   


=== 4. Terraform plan, expecting zero changes ===
module.servers["api"].local_file.cloud_init: Refreshing state... [id=f0950df8c9904fc634d8cafb2ca1153600d77e1a]
module.servers["logs"].local_file.cloud_init: Refreshing state... [id=f0950df8c9904fc634d8cafb2ca1153600d77e1a]
module.servers["payments"].local_file.cloud_init: Refreshing state... [id=f0950df8c9904fc634d8cafb2ca1153600d77e1a]
module.servers["payments"].multipass_instance.this: Refreshing state... [name=kijanikiosk-payments]
module.servers["api"].multipass_instance.this: Refreshing state... [name=kijanikiosk-api]
module.servers["logs"].multipass_instance.this: Refreshing state... [name=kijanikiosk-logs]
module.servers["logs"].data.multipass_instance.this: Reading...
module.servers["payments"].data.multipass_instance.this: Reading...
module.servers["api"].data.multipass_instance.this: Reading...
module.servers["logs"].data.multipass_instance.this: Read complete after 0s [name=kijanikiosk-logs]
module.servers["payments"].data.multipass_instance.this: Read complete after 0s [name=kijanikiosk-payments]
module.servers["api"].data.multipass_instance.this: Read complete after 0s [name=kijanikiosk-api]

No changes. Your infrastructure matches the configuration.

Terraform has compared your real infrastructure against your configuration
and found no differences, so no changes are needed.

PIPELINE OK
